SQL*Plus: Release 11.2.0.2.0 Production on Fri Aug 9 14:11:30 2024

Copyright (c) 1982, 2014, Oracle.  All rights reserved.

SQL> connect system
Enter password:
Connected.
SQL> create table agents(agent_code varchar2(5),agent_name varchar2(7),working_area varchar2(10));

Table created.

SQL> insert into agents values('A101','agent1','chennai');

1 row created.

SQL> insert into agents values('A102','agent2','chennai');

1 row created.

SQL> insert into agents values('A103','agent3','Bangalore');

1 row created.

SQL> insert into agents values('A104','agent4','Bangalore');

1 row created.

SQL> select * from agents;

AGENT AGENT_N WORKING_AR
----- ------- ----------
A101  agent1  chennai
A102  agent2  chennai
A103  agent3  Bangalore
A104  agent4  Bangalore

SQL> create table customers(customer_code varchar2(5),customer_name varchar2(10),customer_area varchar2(10));

Table created.

SQL> insert into customers values('C101','customer1','Chennai');

1 row created.

SQL> insert into customers values('C102','customer2','Chennai');

1 row created.

SQL> insert into customers values('C103','customer3','Chennai');

1 row created.

SQL> insert into customers values('C104','customer4','Bangalore');

1 row created.

SQL> insert into customers values('C105','customer5','Bangalore');

1 row created.

SQL> select * from agents;

AGENT AGENT_N WORKING_AR
----- ------- ----------
A101  agent1  chennai
A102  agent2  chennai
A103  agent3  Bangalore
A104  agent4  Bangalore

SQL> select * from customers;

CUSTO CUSTOMER_N CUSTOMER_A
----- ---------- ----------
C101  customer1  Chennai
C102  customer2  Chennai
C103  customer3  Chennai
C104  customer4  Bangalore
C105  customer5  Bangalore

SQL> select a.agent_name,c.customer_name,c.customer_area from agents a join customers c on a.working_area=c.customer_area;

AGENT_N CUSTOMER_N CUSTOMER_A
------- ---------- ----------
agent4  customer4  Bangalore
agent3  customer4  Bangalore
agent4  customer5  Bangalore
agent3  customer5  Bangalore

SQL> update agents set working_area='Chennai' where agent_code=('A101','A102');
update agents set working_area='Chennai' where agent_code=('A101','A102')
                                                         *
ERROR at line 1:
ORA-01797: this operator must be followed by ANY or ALL


SQL> update agents set working_area='Chennai' where agent_code in ('A101','A102');

2 rows updated.

SQL> select a.agent_name,c.customer_name,c.customer_area from agents a join customers c on a.working_area=c.customer_area;

AGENT_N CUSTOMER_N CUSTOMER_A
------- ---------- ----------
agent2  customer1  Chennai
agent1  customer1  Chennai
agent2  customer2  Chennai
agent1  customer2  Chennai
agent2  customer3  Chennai
agent1  customer3  Chennai
agent4  customer4  Bangalore
agent3  customer4  Bangalore
agent4  customer5  Bangalore
agent3  customer5  Bangalore

10 rows selected.

SQL> select a.agent_name,c.customer_name,c.customer_area from agents a join customers c on a.working_area!=c.customer_area;

AGENT_N CUSTOMER_N CUSTOMER_A
------- ---------- ----------
agent1  customer4  Bangalore
agent1  customer5  Bangalore
agent2  customer4  Bangalore
agent2  customer5  Bangalore
agent3  customer1  Chennai
agent3  customer2  Chennai
agent3  customer3  Chennai
agent4  customer1  Chennai
agent4  customer2  Chennai
agent4  customer3  Chennai

10 rows selected.

SQL> select a.agent_name,c.customer_name,c.customer_area from agents a join customers c on a.working_area<>c.customer_area;

AGENT_N CUSTOMER_N CUSTOMER_A
------- ---------- ----------
agent1  customer4  Bangalore
agent1  customer5  Bangalore
agent2  customer4  Bangalore
agent2  customer5  Bangalore
agent3  customer1  Chennai
agent3  customer2  Chennai
agent3  customer3  Chennai
agent4  customer1  Chennai
agent4  customer2  Chennai
agent4  customer3  Chennai

10 rows selected.

SQL> insert into customers values('C106','customer6','Delhi');

1 row created.

SQL> select * from agents left outer join customers on agents.working_area=customers.customer_area;

AGENT AGENT_N WORKING_AR CUSTO CUSTOMER_N CUSTOMER_A
----- ------- ---------- ----- ---------- ----------
A102  agent2  Chennai    C101  customer1  Chennai
A101  agent1  Chennai    C101  customer1  Chennai
A102  agent2  Chennai    C102  customer2  Chennai
A101  agent1  Chennai    C102  customer2  Chennai
A102  agent2  Chennai    C103  customer3  Chennai
A101  agent1  Chennai    C103  customer3  Chennai
A104  agent4  Bangalore  C104  customer4  Bangalore
A103  agent3  Bangalore  C104  customer4  Bangalore
A104  agent4  Bangalore  C105  customer5  Bangalore
A103  agent3  Bangalore  C105  customer5  Bangalore

10 rows selected.

SQL> insert into agents values('A105','agent5','Newyork');

1 row created.

SQL> select * from agents;

AGENT AGENT_N WORKING_AR
----- ------- ----------
A101  agent1  Chennai
A102  agent2  Chennai
A103  agent3  Bangalore
A104  agent4  Bangalore
A105  agent5  Newyork

SQL> select * from customers;

CUSTO CUSTOMER_N CUSTOMER_A
----- ---------- ----------
C101  customer1  Chennai
C102  customer2  Chennai
C103  customer3  Chennai
C104  customer4  Bangalore
C105  customer5  Bangalore
C106  customer6  Delhi

6 rows selected.

SQL> select * from agents left outer join customers on agents.working_area=customers.customer_area;

AGENT AGENT_N WORKING_AR CUSTO CUSTOMER_N CUSTOMER_A
----- ------- ---------- ----- ---------- ----------
A102  agent2  Chennai    C101  customer1  Chennai
A101  agent1  Chennai    C101  customer1  Chennai
A102  agent2  Chennai    C102  customer2  Chennai
A101  agent1  Chennai    C102  customer2  Chennai
A102  agent2  Chennai    C103  customer3  Chennai
A101  agent1  Chennai    C103  customer3  Chennai
A104  agent4  Bangalore  C104  customer4  Bangalore
A103  agent3  Bangalore  C104  customer4  Bangalore
A104  agent4  Bangalore  C105  customer5  Bangalore
A103  agent3  Bangalore  C105  customer5  Bangalore
A105  agent5  Newyork

11 rows selected.

SQL> select * from agents left join customers on agents.working_area=customers.customer_area;

AGENT AGENT_N WORKING_AR CUSTO CUSTOMER_N CUSTOMER_A
----- ------- ---------- ----- ---------- ----------
A102  agent2  Chennai    C101  customer1  Chennai
A101  agent1  Chennai    C101  customer1  Chennai
A102  agent2  Chennai    C102  customer2  Chennai
A101  agent1  Chennai    C102  customer2  Chennai
A102  agent2  Chennai    C103  customer3  Chennai
A101  agent1  Chennai    C103  customer3  Chennai
A104  agent4  Bangalore  C104  customer4  Bangalore
A103  agent3  Bangalore  C104  customer4  Bangalore
A104  agent4  Bangalore  C105  customer5  Bangalore
A103  agent3  Bangalore  C105  customer5  Bangalore
A105  agent5  Newyork

11 rows selected.

SQL> select * from agents right join customers on agents.working_area=customers.customer_area;

AGENT AGENT_N WORKING_AR CUSTO CUSTOMER_N CUSTOMER_A
----- ------- ---------- ----- ---------- ----------
A101  agent1  Chennai    C103  customer3  Chennai
A101  agent1  Chennai    C102  customer2  Chennai
A101  agent1  Chennai    C101  customer1  Chennai
A102  agent2  Chennai    C103  customer3  Chennai
A102  agent2  Chennai    C102  customer2  Chennai
A102  agent2  Chennai    C101  customer1  Chennai
A103  agent3  Bangalore  C105  customer5  Bangalore
A103  agent3  Bangalore  C104  customer4  Bangalore
A104  agent4  Bangalore  C105  customer5  Bangalore
A104  agent4  Bangalore  C104  customer4  Bangalore
                         C106  customer6  Delhi

11 rows selected.

SQL> select * from agents full outer join customers on agents.working_area=customers.customer_area;

AGENT AGENT_N WORKING_AR CUSTO CUSTOMER_N CUSTOMER_A
----- ------- ---------- ----- ---------- ----------
A102  agent2  Chennai    C101  customer1  Chennai
A101  agent1  Chennai    C101  customer1  Chennai
A102  agent2  Chennai    C102  customer2  Chennai
A101  agent1  Chennai    C102  customer2  Chennai
A102  agent2  Chennai    C103  customer3  Chennai
A101  agent1  Chennai    C103  customer3  Chennai
A104  agent4  Bangalore  C104  customer4  Bangalore
A103  agent3  Bangalore  C104  customer4  Bangalore
A104  agent4  Bangalore  C105  customer5  Bangalore
A103  agent3  Bangalore  C105  customer5  Bangalore
                         C106  customer6  Delhi

AGENT AGENT_N WORKING_AR CUSTO CUSTOMER_N CUSTOMER_A
----- ------- ---------- ----- ---------- ----------
A105  agent5  Newyork

12 rows selected.

SQL> select a.agent_code,b.agent_name from agents a,agents b where a.working_are=b.working_area;
select a.agent_code,b.agent_name from agents a,agents b where a.working_are=b.working_area
                                                              *
ERROR at line 1:
ORA-00904: "A"."WORKING_ARE": invalid identifier


SQL> select a.agent_code,b.agent_name from agents a,agents b where a.working_area=b.working_area;

AGENT AGENT_N
----- -------
A102  agent1
A101  agent1
A102  agent2
A101  agent2
A104  agent3
A103  agent3
A104  agent4
A103  agent4
A105  agent5

9 rows selected.

SQL> select *from customers where customer_area=(select working_area from agents where agent_code='A101;);
ERROR:
ORA-01756: quoted string not properly terminated


SQL> select *from customers where customer_area=(select working_area from agents where agent_code='A101');

CUSTO CUSTOMER_N CUSTOMER_A
----- ---------- ----------
C101  customer1  Chennai
C102  customer2  Chennai
C103  customer3  Chennai

SQL> select *from customers where customer_area=(select working_area from agents where agent_code='A101' or ageny_code='A104');
select *from customers where customer_area=(select working_area from agents where agent_code='A101' or ageny_code='A104')
                                                                                                       *
ERROR at line 1:
ORA-00904: "AGENY_CODE": invalid identifier


SQL> select *from customers where customer_area=(select working_area from agents where agent_code='A101' or agent_code='A104');
select *from customers where customer_area=(select working_area from agents where agent_code='A101' or agent_code='A104')
                                            *
ERROR at line 1:
ORA-01427: single-row subquery returns more than one row


SQL> select *from customers where customer_area in (select working_area from agents where agent_code='A101' or agent_code='A104');

CUSTO CUSTOMER_N CUSTOMER_A
----- ---------- ----------
C103  customer3  Chennai
C102  customer2  Chennai
C101  customer1  Chennai
C105  customer5  Bangalore
C104  customer4  Bangalore

SQL>





































